----------------------------------------------------------------------------------------------------
------------------------------------ MegaLinter, by OX Security ------------------------------------
----------------------------------------------------------------------------------------------------
 - Image Creation Date: 2026-06-28T12:42:37Z
 - Image Revision: ef3e84b8b836d76db562d0f3ed7da61e8fd538bc
 - Image Version: v9.6.0
----------------------------------------------------------------------------------------------------
The MegaLinter documentation can be found at:
 - https://megalinter.io/9.6.0
----------------------------------------------------------------------------------------------------
MegaLinter initialization
MegaLinter will analyze workspace [/tmp/lint]

[Activation] JSON_NPM_PACKAGE_JSON_LINT has been set inactive, as none of these files has been found: ['package.json']
API_SPECTRAL has been disabled in MegaLinter for the following reason: crashing
JSON_ESLINT_PLUGIN_JSONC has been disabled in MegaLinter for the following reason: Bug in eslint-plugin-jsonc: <https://github.com/ota-meshi/eslint-plugin-jsonc/issues/328>
LUA_SELENE has been disabled in MegaLinter for the following reason: <https://github.com/Kampfkarren/selene/issues/662>
MAKEFILE_CHECKMAKE has been disabled in MegaLinter for the following reason: Security issues: <https://github.com/checkmake/checkmake/issues/99>
MARKDOWN_REMARK_LINT has been disabled in MegaLinter for the following reason: Bug in remark-lint: <https://github.com/remarkjs/remark-lint/issues/322>
PUPPET_PUPPET_LINT has been disabled in MegaLinter for the following reason: <https://github.com/puppetlabs/puppet-lint/issues/251>
REPOSITORY_KICS has been disabled in MegaLinter for the following reason: Supply chain compromise - <https://socket.dev/blog/checkmarx-supply-chain-compromise>
SALESFORCE_SFDX_SCANNER_APEX has been disabled in MegaLinter for the following reason: sfdx-scanner is incompatible with Node.js 22+ (TypeError: Cannot read properties of undefined (reading 'prototype')). Use SALESFORCE_CODE_ANALYZER_APEX instead.
SALESFORCE_SFDX_SCANNER_AURA has been disabled in MegaLinter for the following reason: sfdx-scanner is incompatible with Node.js 22+ (TypeError: Cannot read properties of undefined (reading 'prototype')). Use SALESFORCE_CODE_ANALYZER_AURA instead.
SALESFORCE_SFDX_SCANNER_LWC has been disabled in MegaLinter for the following reason: sfdx-scanner is incompatible with Node.js 22+ (TypeError: Cannot read properties of undefined (reading 'prototype')). Use SALESFORCE_CODE_ANALYZER_LWC instead.
SALESFORCE_LIGHTNING_FLOW_SCANNER has been disabled in MegaLinter for the following reason: Repo archived -> <https://github.com/Lightning-Flow-Scanner>
Skipped linters: ANSIBLE_ANSIBLE_LINT, API_SPECTRAL, ARM_ARM_TTK, BASH_EXEC, BASH_SHELLCHECK, BASH_SHFMT, BICEP_BICEP_LINTER, CLOJURE_CLJSTYLE, CLOJURE_CLJ_KONDO, CLOUDFORMATION_CFN_LINT, COFFEE_COFFEELINT, COPYPASTE_JSCPD, CPP_CLANG_FORMAT, CPP_CPPCHECK, CPP_CPPLINT, CSHARP_CSHARPIER, CSHARP_DOTNET_FORMAT, CSHARP_ROSLYNATOR, CSS_STYLELINT, C_CLANG_FORMAT, C_CPPCHECK, C_CPPLINT, DART_DARTANALYZER, ENV_DOTENV_LINTER, GHERKIN_GHERKIN_LINT, GO_GOLANGCI_LINT, GO_REVIVE, GRAPHQL_GRAPHQL_SCHEMA_LINTER, GROOVY_NPM_GROOVY_LINT, HTML_DJLINT, HTML_HTMLHINT, JAVASCRIPT_ES, JAVASCRIPT_PRETTIER, JAVASCRIPT_STANDARD, JAVA_CHECKSTYLE, JAVA_PMD, JSON_ESLINT_PLUGIN_JSONC, JSON_NPM_PACKAGE_JSON_LINT, JSX_ESLINT, KOTLIN_DETEKT, KOTLIN_KTLINT, KUBERNETES_HELM, KUBERNETES_KUBECONFORM, KUBERNETES_KUBESCAPE, LATEX_CHKTEX, LUA_LUACHECK, LUA_SELENE, LUA_STYLUA, MAKEFILE_CHECKMAKE, MARKDOWN_REMARK_LINT, MARKDOWN_RUMDL, PERL_PERLCRITIC, PHP_PHPCS, PHP_PHPCSFIXER, PHP_PHPLINT, PHP_PHPSTAN, PHP_PSALM, POWERSHELL_POWERSHELL, POWERSHELL_POWERSHELL_FORMATTER, PROTOBUF_PROTOLINT, PUPPET_PUPPET_LINT, PYTHON_BANDIT, PYTHON_BLACK, PYTHON_FLAKE8, PYTHON_ISORT, PYTHON_MYPY, PYTHON_NBQA_MYPY, PYTHON_PYLINT, PYTHON_PYRIGHT, PYTHON_RUFF, PYTHON_RUFF_FORMAT, RAKU_RAKU, REPOSITORY_BETTERLEAKS, REPOSITORY_CHECKOV, REPOSITORY_DEVSKIM, REPOSITORY_DUSTILOCK, REPOSITORY_GITLEAKS, REPOSITORY_GIT_DIFF, REPOSITORY_GRYPE, REPOSITORY_KICS, REPOSITORY_KINGFISHER, REPOSITORY_LS_LINT, REPOSITORY_OSV_SCANNER, REPOSITORY_SECRETLINT, REPOSITORY_SEMGREP, REPOSITORY_SYFT, REPOSITORY_TRIVY, REPOSITORY_TRIVY_SBOM, REPOSITORY_TRUFFLEHOG, ROBOTFRAMEWORK_ROBOCOP, RST_RSTCHECK, RST_RSTFMT, RST_RST_LINT, RUBY_RUBOCOP, RUST_CLIPPY, R_LINTR, SALESFORCE_CODE_ANALYZER_APEX, SALESFORCE_CODE_ANALYZER_AURA, SALESFORCE_CODE_ANALYZER_LWC, SALESFORCE_LIGHTNING_FLOW_SCANNER, SALESFORCE_SFDX_SCANNER_APEX, SALESFORCE_SFDX_SCANNER_AURA, SALESFORCE_SFDX_SCANNER_LWC, SCALA_SCALAFIX, SNAKEMAKE_LINT, SNAKEMAKE_SNAKEFMT, SPELL_CODESPELL, SPELL_CSPELL, SPELL_LYCHEE, SPELL_PROSELINT, SPELL_VALE, SQL_SQLFLUFF, SQL_TSQLLINT, SWIFT_SWIFTLINT, TEKTON_TEKTON_LINT, TERRAFORM_TERRAFORM_FMT, TERRAFORM_TERRAGRUNT, TERRAFORM_TERRASCAN, TERRAFORM_TFLINT, TSX_ESLINT, TYPESCRIPT_ES, TYPESCRIPT_PRETTIER, TYPESCRIPT_STANDARD, VBDOTNET_DOTNET_FORMAT, XML_XMLLINT
Some linters were skipped due to activation rules:
- MARKDOWN_REMARK_LINT: MARKDOWN_DEFAULT_STYLE=markdownlint (set MARKDOWN_DEFAULT_STYLE=remark-lint to activate)
- MARKDOWN_RUMDL: MARKDOWN_DEFAULT_STYLE=markdownlint (set MARKDOWN_DEFAULT_STYLE=rumdl to activate)
[ApiReporter] Not enabled as API_REPORTER is not defined to true
To receive reports as email, please set variable EMAIL_REPORTER_EMAIL

MegaLinter now collects the files to analyse
Listing all files in directory [/tmp/lint], then filter with:
- File extensions: *, .json, .md, .yaml, .yml
- File names (regex): (.*\.)?Dockerfile, Containerfile
- Excluding .gitignored files [0]: 
Kept [44] files on [44] found files

+----MATCHING LINTERS---------------------+---------------------------------+----------------+------------+
| Descriptor   | Linter                   | Criteria                        | Matching files | Format/Fix |
+--------------+--------------------------+---------------------------------+----------------+------------+
| ACTION       | actionlint               | .yml|.yaml                      | 3              | no         |
| ACTION       | zizmor                   | .yml|.yaml                      | 3              | yes        |
| DOCKERFILE   | hadolint                 | Containerfile|(.*\.)?Dockerfile | 1              | no         |
| EDITORCONFIG | editorconfig-checker     | *                               | 44             | no         |
| JSON         | jsonlint                 | .json                           | 2              | no         |
| JSON         | v8r                      | .json                           | 2              | no         |
| JSON         | prettier                 | .json                           | 2              | yes        |
| MARKDOWN     | markdownlint             | .md                             | 3              | yes        |
| MARKDOWN     | markdown-table-formatter | .md                             | 3              | yes        |
| YAML         | prettier                 | .yml|.yaml                      | 4              | yes        |
| YAML         | yamllint                 | .yml|.yaml                      | 4              | no         |
| YAML         | v8r                      | .yml|.yaml                      | 4              | no         |
+--------------+--------------------------+---------------------------------+----------------+------------+

Processing linters on [2] parallel cores… (can be decreased with variable PARALLEL_PROCESS_NUMBER in case of performance issues)
[32m✅ Linted [ACTION] files with [actionlint] successfully - (0.33s)[0m
- Using [actionlint v1.7.12] https://megalinter.io/9.6.0/descriptors/action_actionlint
- MegaLinter key: [ACTION_ACTIONLINT]
- Rules config: identified by [actionlint]
- Number of files analyzed: [3]
- CWD: [/tmp/lint]
- Command: [actionlint .github/workflows/codeql-analysis.yml .github/workflows/mega-linter.yml .github/workflows/pull_request.yml]

[32m✅ Linted [ACTION] files with [zizmor] successfully - (0.56s)[0m
- Using [zizmor v1.25.0] https://megalinter.io/9.6.0/descriptors/action_zizmor
- MegaLinter key: [ACTION_ZIZMOR]
- Rules config: identified by [zizmor]
- Number of files analyzed: [3]
- CWD: [/tmp/lint]
- Command: [zizmor --fix .github/workflows/codeql-analysis.yml .github/workflows/mega-linter.yml .github/workflows/pull_request.yml]

[32m✅ Linted [DOCKERFILE] files with [hadolint] successfully - (0.04s)[0m
- Using [hadolint v2.14.0] https://megalinter.io/9.6.0/descriptors/dockerfile_hadolint
- MegaLinter key: [DOCKERFILE_HADOLINT]
- Rules config: [.hadolint.yaml]
- Number of files analyzed: [1]
- CWD: [/tmp/lint]
- Command: [hadolint --config /action/lib/.automation/.hadolint.yaml Dockerfile]

[32m✅ Linted [EDITORCONFIG] files with [editorconfig-checker] successfully - (0.32s)[0m
- Using [editorconfig-checker v3.7.0] https://megalinter.io/9.6.0/descriptors/editorconfig_editorconfig_checker
- MegaLinter key: [EDITORCONFIG_EDITORCONFIG_CHECKER]
- Rules config: identified by [editorconfig-checker]
- Number of files analyzed: [44]
- CWD: [/tmp/lint]
- Command: [editorconfig-checker .coveragerc .editorconfig .flake8 .github/CODEOWNERS .github/PULL_REQUEST_TEMPLATE.md .github/workflows/codeql-analysis.yml .github/workflows/mega-linter.yml .github/workflows/pull_request.yml .gitignore .markdownlintignore .mega...(truncated)]

[32m✅ Linted [JSON] files with [jsonlint] successfully - (0.19s)[0m
- Using [jsonlint v17.0.1] https://megalinter.io/9.6.0/descriptors/json_jsonlint
- MegaLinter key: [JSON_JSONLINT]
- Rules config: identified by [jsonlint]
- Number of files analyzed: [2]
- CWD: [/tmp/lint]
- Command: [jsonlint --quiet tests/schemas/cy/test_language.json tests/schemas/en/test_language.json]

[32m✅ Linted [JSON] files with [prettier] successfully - (0.69s)[0m
- Using [prettier v3.8.4] https://megalinter.io/9.6.0/descriptors/json_prettier
- MegaLinter key: [JSON_PRETTIER]
- Rules config: identified by [prettier]
- Number of files analyzed: [2]
- CWD: [/tmp/lint]
- Command: [prettier --write tests/schemas/cy/test_language.json tests/schemas/en/test_language.json]

[32m✅ Linted [JSON] files with [v8r] successfully - (1.65s)[0m
- Using [v8r v6.1.0] https://megalinter.io/9.6.0/descriptors/json_v8r
- MegaLinter key: [JSON_V8R]
- Rules config: identified by [v8r]
- Number of files analyzed: [2]
- CWD: [/tmp/lint]
- Command: [v8r --ignore-errors tests/schemas/cy/test_language.json tests/schemas/en/test_language.json]

[32m✅ Linted [MARKDOWN] files with [markdownlint] successfully - (0.98s)[0m
- Using [markdownlint v0.49.0] https://megalinter.io/9.6.0/descriptors/markdown_markdownlint
- MegaLinter key: [MARKDOWN_MARKDOWNLINT]
- Rules config: [.markdownlint.json]
- Number of files analyzed: [3]
- CWD: [/tmp/lint]
- Command: [markdownlint --fix -c /action/lib/.automation/.markdownlint.json .github/PULL_REQUEST_TEMPLATE.md README.md doc/decisions/0001-context-in-translations.md]

[32m✅ Linted [MARKDOWN] files with [markdown-table-formatter] successfully - (0.5s)[0m
- Using [markdown-table-formatter v1.7.0] https://megalinter.io/9.6.0/descriptors/markdown_markdown_table_formatter
- MegaLinter key: [MARKDOWN_MARKDOWN_TABLE_FORMATTER]
- Rules config: identified by [markdown-table-formatter]
- Number of files analyzed: [3]
- CWD: [/tmp/lint]
- Command: [markdown-table-formatter .github/PULL_REQUEST_TEMPLATE.md README.md doc/decisions/0001-context-in-translations.md]

[32m✅ Linted [YAML] files with [prettier] successfully - (0.76s)[0m
- Using [prettier v3.8.4] https://megalinter.io/9.6.0/descriptors/yaml_prettier
- MegaLinter key: [YAML_PRETTIER]
- Rules config: identified by [prettier]
- Number of files analyzed: [4]
- CWD: [/tmp/lint]
- Command: [prettier --write .github/workflows/codeql-analysis.yml .github/workflows/mega-linter.yml .github/workflows/pull_request.yml .mega-linter.yml]

[32m✅ Linted [YAML] files with [v8r] successfully - (4.87s)[0m
- Using [v8r v6.1.0] https://megalinter.io/9.6.0/descriptors/yaml_v8r
- MegaLinter key: [YAML_V8R]
- Rules config: identified by [v8r]
- Number of files analyzed: [4]
- CWD: [/tmp/lint]
- Command: [v8r --ignore-errors .github/workflows/codeql-analysis.yml .github/workflows/mega-linter.yml .github/workflows/pull_request.yml .mega-linter.yml]

[32m✅ Linted [YAML] files with [yamllint] successfully - (0.53s)[0m
- Using [yamllint v1.38.0] https://megalinter.io/9.6.0/descriptors/yaml_yamllint
- MegaLinter key: [YAML_YAMLLINT]
- Rules config: [.yamllint.yml]
- Number of files analyzed: [4]
- CWD: [/tmp/lint]
- Command: [yamllint --format standard -c /action/lib/.automation/.yamllint.yml .github/workflows/codeql-analysis.yml .github/workflows/mega-linter.yml .github/workflows/pull_request.yml .mega-linter.yml]

[Updated Sources Reporter] copied 11 fixed source files in folder /tmp/lint/megalinter-reports/updated_sources.
[33m⚠️ [Updated Sources Reporter] Failed to retrieve git source branch[0m

+----SUMMARY------+--------------------------+---------------+-------+-------+--------+----------+--------------+
| Descriptor      | Linter                   | Mode          | Files | Fixed | Errors | Warnings | Elapsed time |
+-----------------+--------------------------+---------------+-------+-------+--------+----------+--------------+
| ✅ ACTION       | actionlint               | list_of_files |     3 |       |      0 |        0 | 0.33s        |
| ✅ ACTION       | zizmor                   | list_of_files |     3 |     2 |      0 |        0 | 0.56s        |
| ✅ DOCKERFILE   | hadolint                 | list_of_files |     1 |       |      0 |        0 | 0.04s        |
| ✅ EDITORCONFIG | editorconfig-checker     | list_of_files |    44 |       |      0 |        0 | 0.32s        |
| ✅ JSON         | jsonlint                 | list_of_files |     2 |       |      0 |        0 | 0.19s        |
| ✅ JSON         | prettier                 | list_of_files |     2 |     2 |      0 |        0 | 0.69s        |
| ✅ JSON         | v8r                      | list_of_files |     2 |       |      0 |        0 | 1.65s        |
| ✅ MARKDOWN     | markdownlint             | list_of_files |     3 |     2 |      0 |        0 | 0.98s        |
| ✅ MARKDOWN     | markdown-table-formatter | list_of_files |     3 |     2 |      0 |        0 | 0.5s         |
| ✅ YAML         | prettier                 | list_of_files |     4 |     2 |      0 |        0 | 0.76s        |
| ✅ YAML         | v8r                      | list_of_files |     4 |       |      0 |        0 | 4.87s        |
| ✅ YAML         | yamllint                 | list_of_files |     4 |       |      0 |        0 | 0.53s        |
+-----------------+--------------------------+---------------+-------+-------+--------+----------+--------------+

[34m📣 **MegaLinter 9.5.0 is out!** Discover the new features and security recommendations in the [release announcement](https://github.com/oxsecurity/megalinter/issues/7835). (Skip this info by defining `SECURITY_SUGGESTIONS: false`)[0m

[32m✅ Successfully linted all files without errors[0m
