Results of zizmor linter (version 1.25.0)
See documentation on https://megalinter.io/9.6.0/descriptors/action_zizmor/
-----------------------------------------------

❌ [ERROR] for workspace /tmp/lint
Linter raw log:
 INFO zizmor: 🌈 zizmor v1.25.0
 INFO audit: zizmor: 🌈 completed .github/workflows/codeql-analysis.yml
 INFO audit: zizmor: 🌈 completed .github/workflows/mega-linter.yml
 INFO audit: zizmor: 🌈 completed .github/workflows/pull_request.yml
warning[artipacked]: credential persistence through GitHub Actions artifacts
  --> .github/workflows/codeql-analysis.yml:31:9
   |
31 |         - name: Checkout repository
   |  _________^
32 | |         uses: actions/checkout@HIDDEN_BY_MEGALINTER# v4.2.2
   | |________________________________________________________________________________^ does not set persist-credentials: false
   |
   = note: audit confidence → Low
   = note: this finding has an auto-fix
   = help: audit documentation → https://docs.zizmor.sh/audits/#artipacked

warning[artipacked]: credential persistence through GitHub Actions artifacts
  --> .github/workflows/pull_request.yml:11:9
   |
11 |       - uses: actions/checkout@HIDDEN_BY_MEGALINTER# v4.2.2
   |         ^^^^^^^^^^^^^^^^^^^^^^^^^^^^^^^^^^^^^^^^^^^^^^^^^^^^^^^^^^^^^^^^^^^^^^^^ does not set persist-credentials: false
   |
   = note: audit confidence → Low
   = note: this finding has an auto-fix
   = help: audit documentation → https://docs.zizmor.sh/audits/#artipacked

warning[artipacked]: credential persistence through GitHub Actions artifacts
  --> .github/workflows/pull_request.yml:36:9
   |
36 |       - uses: actions/checkout@HIDDEN_BY_MEGALINTER# v4.2.2
   |         ^^^^^^^^^^^^^^^^^^^^^^^^^^^^^^^^^^^^^^^^^^^^^^^^^^^^^^^^^^^^^^^^^^^^^^^^ does not set persist-credentials: false
   |
   = note: audit confidence → Low
   = note: this finding has an auto-fix
   = help: audit documentation → https://docs.zizmor.sh/audits/#artipacked

error[unpinned-uses]: unpinned action reference
  --> .github/workflows/pull_request.yml:14:15
   |
14 |       - uses: actions/setup-python@v5
   |               ^^^^^^^^^^^^^^^^^^^^^^^ action is not pinned to a hash (required by blanket policy)
   |
   = note: audit confidence → High
   = help: audit documentation → https://docs.zizmor.sh/audits/#unpinned-uses

11 findings (7 suppressed, 3 unsafe fixes): 0 informational, 0 low, 3 medium, 1 high
No fixes available to apply (3 held back by safe mode). Use --fix=unsafe or --fix=all to apply unsafe fixes.

